// Jest Snapshot v1, https://goo.gl/fbAQLP

exports[`Test render 1`] = `
<div>
  test
</div>
`;
