// Jest Snapshot v1, https://goo.gl/fbAQLP

exports[`should render the component 1`] = `<div />`;
