// Jest Snapshot v1, https://goo.gl/fbAQLP

exports[`should render the component 1`] = `
<div>
  <div
    class="flex h-14 w-full items-center justify-between bg-slate-900 px-4 py-2 text-xl"
  >
    Internship Application System
  </div>
  <div
    class="my-8"
  >
    <div
      class="flex flex-wrap items-center justify-center"
    >
      <img
        alt="Loading icon"
        height="200"
        src="/loading.gif"
        width="200"
      />
      <div
        class="w-full text-center"
      >
        Redirecting to login page...
      </div>
    </div>
  </div>
</div>
`;
