// Jest Snapshot v1, https://goo.gl/fbAQLP

exports[`should render the component 1`] = `
<div>
  <div
    class="fixed left-0 top-0 z-50 flex h-14 w-full items-center justify-between bg-slate-900 px-4 py-2 text-xl text-white"
  >
    <a
      href="/"
    >
      Internship Application System
    </a>
  </div>
  <div
    class="h-14 w-full py-2"
  />
  <div
    class="my-8"
  >
    <div
      class="flex flex-wrap items-center justify-center"
    >
      <img
        alt="Loading icon"
        height="200"
        src="/loading.gif"
        width="200"
      />
      <div
        class="w-full text-center"
      >
        Loading...
      </div>
    </div>
  </div>
</div>
`;
